[machine-3-7 s33] window_only: iters=1600 val_ratio=1.000 diverged=False 5.9s
[machine-3-7 s33] mlstm: iters=1600 val_ratio=0.943 diverged=False 190.2s
[machine-3-7 s33] gdeltanet: iters=1600 val_ratio=0.893 diverged=False 205.2s
[machine-3-7 s33] titans: iters=2800 val_ratio=0.990 diverged=False 1108.1s
[machine-3-7 s33] lstm: iters=1800 val_ratio=0.778 diverged=False 36.7s
[machine-3-7 s33] mlstm_std: iters=4000 val_ratio=0.836 diverged=False 99.9s
[machine-1-6 s33] window_only: iters=1600 val_ratio=1.000 diverged=False 21.1s
[machine-1-6 s33] mlstm: iters=1200 val_ratio=0.907 diverged=False 143.8s
[machine-1-6 s33] gdeltanet: iters=1200 val_ratio=0.900 diverged=False 151.4s
[machine-1-6 s33] titans: iters=1200 val_ratio=0.831 diverged=False 513.4s
[machine-1-6 s33] lstm: iters=1600 val_ratio=0.688 diverged=False 34.9s
[machine-1-6 s33] mlstm_std: iters=2800 val_ratio=0.693 diverged=False 54.8s
[machine-2-7 s33] window_only: iters=1600 val_ratio=1.000 diverged=False 12.8s
[machine-2-7 s33] mlstm: iters=1600 val_ratio=0.929 diverged=False 167.0s
[machine-2-7 s33] gdeltanet: iters=1200 val_ratio=0.862 diverged=False 148.3s
[machine-2-7 s33] lstm: iters=1800 val_ratio=0.773 diverged=False 52.7s
[machine-2-7 s33] mlstm_std: iters=3600 val_ratio=0.636 diverged=False 84.0s
[machine-3-5 s33] window_only: iters=1600 val_ratio=1.000 diverged=False 21.4s
[machine-3-5 s33] mlstm: iters=2200 val_ratio=0.899 diverged=False 197.7s
[machine-3-5 s33] gdeltanet: iters=1600 val_ratio=0.840 diverged=False 197.5s
[machine-3-5 s33] titans: iters=2600 val_ratio=0.923 diverged=False 1049.9s
[machine-3-5 s33] lstm: iters=1600 val_ratio=0.892 diverged=False 42.4s
[machine-3-5 s33] mlstm_std: iters=2800 val_ratio=0.708 diverged=False 55.3s
[machine-2-9 s33] window_only: iters=1600 val_ratio=1.000 diverged=False 7.0s
[machine-2-9 s33] mlstm: iters=1400 val_ratio=0.550 diverged=False 154.1s
[machine-2-9 s33] gdeltanet: iters=1400 val_ratio=0.595 diverged=False 155.6s
[machine-2-9 s33] titans: iters=1200 val_ratio=0.595 diverged=False 531.6s
[machine-2-9 s33] lstm: iters=1200 val_ratio=0.628 diverged=False 30.7s
[machine-2-9 s33] mlstm_std: iters=1800 val_ratio=0.499 diverged=False 44.8s
[machine-1-3 s33] window_only: iters=1400 val_ratio=1.000 diverged=False 10.7s
[machine-1-3 s33] mlstm: iters=1400 val_ratio=0.587 diverged=False 159.9s
[machine-1-3 s33] gdeltanet: iters=1200 val_ratio=0.570 diverged=False 108.8s
[machine-1-3 s33] titans: iters=1600 val_ratio=0.536 diverged=True 454.9s
[machine-1-3 s33] lstm: iters=2800 val_ratio=0.627 diverged=False 14.9s
[machine-1-3 s33] mlstm_std: iters=1800 val_ratio=0.507 diverged=False 12.4s
