[machine-3-7 s22] window_only: iters=1400 val_ratio=1.000 diverged=False 4.8s
[machine-3-7 s22] mlstm: iters=1800 val_ratio=1.034 diverged=False 206.4s
[machine-3-7 s22] gdeltanet: iters=1600 val_ratio=1.007 diverged=False 202.2s
[machine-3-7 s22] titans: iters=1400 val_ratio=1.062 diverged=True 594.5s
[machine-3-7 s22] lstm: iters=1800 val_ratio=0.824 diverged=False 45.4s
[machine-3-7 s22] mlstm_std: iters=4000 val_ratio=0.891 diverged=False 91.8s
[machine-1-6 s22] window_only: iters=1600 val_ratio=1.000 diverged=False 11.6s
[machine-1-6 s22] mlstm: iters=1200 val_ratio=0.761 diverged=False 140.5s
[machine-1-6 s22] gdeltanet: iters=2000 val_ratio=0.780 diverged=False 211.6s
[machine-1-6 s22] titans: iters=1200 val_ratio=0.728 diverged=False 516.4s
[machine-1-6 s22] lstm: iters=3000 val_ratio=0.668 diverged=False 70.8s
[machine-1-6 s22] mlstm_std: iters=3600 val_ratio=0.622 diverged=False 82.7s
[machine-2-7 s22] window_only: iters=1400 val_ratio=1.000 diverged=False 10.6s
[machine-2-7 s22] mlstm: iters=1200 val_ratio=0.874 diverged=False 137.6s
[machine-2-7 s22] gdeltanet: iters=1200 val_ratio=0.806 diverged=False 154.3s
[machine-2-7 s22] lstm: iters=1200 val_ratio=0.824 diverged=False 39.2s
[machine-2-7 s22] mlstm_std: iters=2600 val_ratio=0.660 diverged=False 61.2s
[machine-3-5 s22] window_only: iters=1600 val_ratio=1.000 diverged=False 11.3s
[machine-3-5 s22] mlstm: iters=1200 val_ratio=1.275 diverged=False 116.7s
[machine-3-5 s22] gdeltanet: iters=1200 val_ratio=1.157 diverged=False 132.9s
[machine-3-5 s22] titans: iters=1800 val_ratio=1.147 diverged=False 735.2s
[machine-3-5 s22] lstm: iters=1400 val_ratio=0.907 diverged=False 44.4s
[machine-3-5 s22] mlstm_std: iters=3200 val_ratio=0.770 diverged=False 82.7s
[machine-2-9 s22] window_only: iters=1400 val_ratio=1.000 diverged=False 15.6s
[machine-2-9 s22] mlstm: iters=1200 val_ratio=0.576 diverged=False 138.7s
[machine-2-9 s22] gdeltanet: iters=2800 val_ratio=0.560 diverged=False 328.1s
[machine-2-9 s22] lstm: iters=1200 val_ratio=0.667 diverged=False 39.7s
[machine-2-9 s22] mlstm_std: iters=2000 val_ratio=0.515 diverged=False 58.2s
[machine-1-3 s22] window_only: iters=1800 val_ratio=1.000 diverged=False 28.8s
[machine-1-3 s22] mlstm: iters=1200 val_ratio=0.664 diverged=False 134.1s
[machine-1-3 s22] gdeltanet: iters=1400 val_ratio=0.589 diverged=False 170.5s
[machine-1-3 s22] titans: iters=1200 val_ratio=0.582 diverged=False 520.0s
[machine-1-3 s22] lstm: iters=1200 val_ratio=0.687 diverged=False 31.4s
[machine-1-3 s22] mlstm_std: iters=3200 val_ratio=0.503 diverged=False 66.9s
