[machine-3-7 s11] window_only: iters=1400 val_ratio=1.000 diverged=False 4.8s
[machine-3-7 s11] mlstm: iters=1800 val_ratio=0.930 diverged=False 206.2s
[machine-3-7 s11] gdeltanet: iters=1400 val_ratio=0.895 diverged=False 185.7s
[machine-3-7 s11] titans: iters=2400 val_ratio=0.974 diverged=False 962.2s
[machine-3-7 s11] lstm: iters=1800 val_ratio=0.778 diverged=False 53.9s
[machine-3-7 s11] mlstm_std: iters=3600 val_ratio=0.839 diverged=False 87.0s
[machine-1-6 s11] window_only: iters=1800 val_ratio=1.000 diverged=False 20.6s
[machine-1-6 s11] mlstm: iters=1200 val_ratio=0.867 diverged=False 113.1s
[machine-1-6 s11] gdeltanet: iters=2000 val_ratio=0.861 diverged=False 236.7s
[machine-1-6 s11] titans: iters=1400 val_ratio=0.820 diverged=False 602.6s
[machine-1-6 s11] lstm: iters=2000 val_ratio=0.717 diverged=False 40.9s
[machine-1-6 s11] mlstm_std: iters=3800 val_ratio=0.694 diverged=False 69.5s
[machine-2-7 s11] window_only: iters=1400 val_ratio=1.000 diverged=False 19.1s
[machine-2-7 s11] mlstm: iters=1200 val_ratio=0.884 diverged=False 140.2s
[machine-2-7 s11] gdeltanet: iters=1200 val_ratio=0.897 diverged=False 148.7s
[machine-2-7 s11] lstm: iters=1200 val_ratio=0.891 diverged=False 38.1s
[machine-2-7 s11] mlstm_std: iters=4000 val_ratio=0.631 diverged=False 100.4s
[machine-3-5 s11] window_only: iters=1600 val_ratio=1.000 diverged=False 16.2s
[machine-3-5 s11] mlstm: iters=1200 val_ratio=1.121 diverged=False 144.4s
[machine-3-5 s11] gdeltanet: iters=1400 val_ratio=0.997 diverged=False 174.1s
[machine-3-5 s11] lstm: iters=1400 val_ratio=0.835 diverged=False 38.2s
[machine-3-5 s11] mlstm_std: iters=2400 val_ratio=0.740 diverged=False 59.3s
[machine-2-9 s11] window_only: iters=1600 val_ratio=1.000 diverged=False 11.2s
[machine-2-9 s11] mlstm: iters=1400 val_ratio=0.757 diverged=False 159.2s
[machine-2-9 s11] gdeltanet: iters=1600 val_ratio=0.667 diverged=False 156.9s
[machine-2-9 s11] lstm: iters=1200 val_ratio=0.771 diverged=False 27.0s
[machine-2-9 s11] mlstm_std: iters=2000 val_ratio=0.647 diverged=False 38.5s
[machine-1-3 s11] window_only: iters=2000 val_ratio=1.000 diverged=False 16.7s
[machine-1-3 s11] mlstm: iters=1400 val_ratio=0.507 diverged=False 156.8s
[machine-1-3 s11] gdeltanet: iters=2000 val_ratio=0.466 diverged=False 219.4s
[machine-1-3 s11] titans: iters=1600 val_ratio=0.477 diverged=True 685.4s
[machine-1-3 s11] lstm: iters=1400 val_ratio=0.460 diverged=False 41.0s
[machine-1-3 s11] mlstm_std: iters=3800 val_ratio=0.409 diverged=False 80.9s
