W1005 21:34:37.952000 2006232 torch/utils/cpp_extension.py:178] No CUDA runtime is found, using CUDA_HOME='/usr'
W1005 21:34:39.961000 2006262 torch/utils/cpp_extension.py:178] No CUDA runtime is found, using CUDA_HOME='/usr'
W1005 21:34:40.037000 2006266 torch/utils/cpp_extension.py:178] No CUDA runtime is found, using CUDA_HOME='/usr'
W1005 21:34:40.085000 2006265 torch/utils/cpp_extension.py:178] No CUDA runtime is found, using CUDA_HOME='/usr'
TRAIN_COMPLETE mean_g0_xlstm_s11
TRAIN_COMPLETE mean_g0_xlstm_s22
TRAIN_COMPLETE mean_g0_xlstm_s33
TRAIN_COMPLETE mean_g0_lstm_s11
TRAIN_COMPLETE mean_g0_lstm_s22
TRAIN_COMPLETE mean_g0_lstm_s33
TRAIN_COMPLETE mean_g1_xlstm_s11
TRAIN_COMPLETE mean_g1_xlstm_s22
TRAIN_COMPLETE mean_g1_xlstm_s33
TRAIN_COMPLETE mean_g1_lstm_s11
TRAIN_COMPLETE mean_g1_lstm_s22
TRAIN_COMPLETE mean_g1_lstm_s33
TRAIN_COMPLETE mean_g2_xlstm_s11
TRAIN_COMPLETE mean_g2_xlstm_s22
TRAIN_COMPLETE mean_g2_xlstm_s33
TRAIN_COMPLETE mean_g2_lstm_s11
TRAIN_COMPLETE mean_g2_lstm_s22
TRAIN_COMPLETE mean_g2_lstm_s33
TRAIN_COMPLETE mean_g3_xlstm_s11
TRAIN_COMPLETE mean_g3_xlstm_s22
TRAIN_COMPLETE mean_g3_lstm_s11
TRAIN_COMPLETE mean_g3_xlstm_s33
TRAIN_COMPLETE mean_g3_lstm_s22
TRAIN_COMPLETE mean_g3_lstm_s33
TRAIN_COMPLETE mean_g4_xlstm_s11
TRAIN_COMPLETE mean_g4_xlstm_s22
TRAIN_COMPLETE mean_g4_xlstm_s33
TRAIN_COMPLETE mean_g4_lstm_s11
TRAIN_COMPLETE mean_g4_lstm_s22
TRAIN_COMPLETE mean_g4_lstm_s33
TRAIN_COMPLETE dynamics_g0_xlstm_s11
TRAIN_COMPLETE dynamics_g0_xlstm_s22
TRAIN_COMPLETE dynamics_g0_xlstm_s33
TRAIN_COMPLETE dynamics_g0_lstm_s11
TRAIN_COMPLETE dynamics_g0_lstm_s22
TRAIN_COMPLETE dynamics_g0_lstm_s33
TRAIN_COMPLETE dynamics_g1_xlstm_s11
TRAIN_COMPLETE dynamics_g1_xlstm_s22
TRAIN_COMPLETE dynamics_g1_xlstm_s33
TRAIN_COMPLETE dynamics_g1_lstm_s11
TRAIN_COMPLETE dynamics_g1_lstm_s22
TRAIN_COMPLETE dynamics_g1_lstm_s33
TRAIN_COMPLETE dynamics_g2_xlstm_s11
TRAIN_COMPLETE dynamics_g2_xlstm_s22
TRAIN_COMPLETE dynamics_g2_xlstm_s33
TRAIN_COMPLETE dynamics_g2_lstm_s11
TRAIN_COMPLETE dynamics_g2_lstm_s22
TRAIN_COMPLETE dynamics_g2_lstm_s33
TRAIN_COMPLETE dynamics_g3_xlstm_s11
TRAIN_COMPLETE dynamics_g3_xlstm_s22
TRAIN_COMPLETE dynamics_g3_xlstm_s33
TRAIN_COMPLETE dynamics_g3_lstm_s11
TRAIN_COMPLETE dynamics_g3_lstm_s22
TRAIN_COMPLETE dynamics_g3_lstm_s33
TRAIN_COMPLETE dynamics_g4_xlstm_s11
TRAIN_COMPLETE dynamics_g4_xlstm_s22
TRAIN_COMPLETE dynamics_g4_xlstm_s33
TRAIN_COMPLETE dynamics_g4_lstm_s11
TRAIN_COMPLETE dynamics_g4_lstm_s22
TRAIN_COMPLETE dynamics_g4_lstm_s33
TRAIN_COMPLETE correlation_g0_xlstm_s22
TRAIN_COMPLETE correlation_g0_xlstm_s11
TRAIN_COMPLETE correlation_g0_xlstm_s33
TRAIN_COMPLETE correlation_g0_lstm_s11
TRAIN_COMPLETE correlation_g0_lstm_s22
TRAIN_COMPLETE correlation_g0_lstm_s33
TRAIN_COMPLETE correlation_g1_xlstm_s11
TRAIN_COMPLETE correlation_g1_xlstm_s33
TRAIN_COMPLETE correlation_g1_xlstm_s22
TRAIN_COMPLETE correlation_g1_lstm_s11
TRAIN_COMPLETE correlation_g1_lstm_s22
TRAIN_COMPLETE correlation_g1_lstm_s33
TRAIN_COMPLETE correlation_g2_xlstm_s33
TRAIN_COMPLETE correlation_g2_xlstm_s11
TRAIN_COMPLETE correlation_g2_xlstm_s22
TRAIN_COMPLETE correlation_g2_lstm_s11
TRAIN_COMPLETE correlation_g2_lstm_s22
TRAIN_COMPLETE correlation_g2_lstm_s33
TRAIN_COMPLETE correlation_g3_xlstm_s11
TRAIN_COMPLETE correlation_g3_xlstm_s33
TRAIN_COMPLETE correlation_g3_xlstm_s22
TRAIN_COMPLETE correlation_g3_lstm_s11
TRAIN_COMPLETE correlation_g3_lstm_s22
TRAIN_COMPLETE correlation_g3_lstm_s33
TRAIN_COMPLETE correlation_g4_xlstm_s11
TRAIN_COMPLETE correlation_g4_xlstm_s22
TRAIN_COMPLETE correlation_g4_xlstm_s33
TRAIN_COMPLETE correlation_g4_lstm_s11
TRAIN_COMPLETE correlation_g4_lstm_s22
TRAIN_COMPLETE correlation_g4_lstm_s33
W1005 22:02:14.995000 2355343 torch/utils/cpp_extension.py:178] No CUDA runtime is found, using CUDA_HOME='/usr'
W1005 22:02:15.000000 2355339 torch/utils/cpp_extension.py:178] No CUDA runtime is found, using CUDA_HOME='/usr'
W1005 22:02:15.029000 2355342 torch/utils/cpp_extension.py:178] No CUDA runtime is found, using CUDA_HOME='/usr'
SUPPORT_COMPLETE mean_g0_xlstm_s22
SUPPORT_COMPLETE mean_g0_xlstm_s33
SUPPORT_COMPLETE mean_g0_xlstm_s11
SUPPORT_COMPLETE mean_g0_lstm_s11
SUPPORT_COMPLETE mean_g0_lstm_s33
SUPPORT_COMPLETE mean_g0_lstm_s22
SUPPORT_COMPLETE mean_g1_xlstm_s22
SUPPORT_COMPLETE mean_g1_xlstm_s11
SUPPORT_COMPLETE mean_g1_xlstm_s33
SUPPORT_COMPLETE mean_g1_lstm_s11
SUPPORT_COMPLETE mean_g1_lstm_s22
SUPPORT_COMPLETE mean_g1_lstm_s33
SUPPORT_COMPLETE mean_g2_xlstm_s11
SUPPORT_COMPLETE mean_g2_xlstm_s22
SUPPORT_COMPLETE mean_g2_xlstm_s33
SUPPORT_COMPLETE mean_g2_lstm_s11
SUPPORT_COMPLETE mean_g2_lstm_s22
SUPPORT_COMPLETE mean_g2_lstm_s33
SUPPORT_COMPLETE mean_g3_xlstm_s11
SUPPORT_COMPLETE mean_g3_xlstm_s22
SUPPORT_COMPLETE mean_g3_xlstm_s33
SUPPORT_COMPLETE mean_g3_lstm_s11
SUPPORT_COMPLETE mean_g3_lstm_s22
SUPPORT_COMPLETE mean_g3_lstm_s33
SUPPORT_COMPLETE mean_g4_xlstm_s11
SUPPORT_COMPLETE mean_g4_xlstm_s22
SUPPORT_COMPLETE mean_g4_xlstm_s33
SUPPORT_COMPLETE mean_g4_lstm_s11
SUPPORT_COMPLETE mean_g4_lstm_s22
SUPPORT_COMPLETE mean_g4_lstm_s33
SUPPORT_COMPLETE dynamics_g0_xlstm_s11
SUPPORT_COMPLETE dynamics_g0_xlstm_s22
SUPPORT_COMPLETE dynamics_g0_xlstm_s33
SUPPORT_COMPLETE dynamics_g0_lstm_s11
SUPPORT_COMPLETE dynamics_g0_lstm_s22
SUPPORT_COMPLETE dynamics_g0_lstm_s33
SUPPORT_COMPLETE dynamics_g1_xlstm_s11
SUPPORT_COMPLETE dynamics_g1_xlstm_s22
SUPPORT_COMPLETE dynamics_g1_xlstm_s33
SUPPORT_COMPLETE dynamics_g1_lstm_s11
SUPPORT_COMPLETE dynamics_g1_lstm_s22
SUPPORT_COMPLETE dynamics_g1_lstm_s33
SUPPORT_COMPLETE dynamics_g2_xlstm_s11
SUPPORT_COMPLETE dynamics_g2_xlstm_s22
SUPPORT_COMPLETE dynamics_g2_xlstm_s33
SUPPORT_COMPLETE dynamics_g2_lstm_s11
SUPPORT_COMPLETE dynamics_g2_lstm_s22
SUPPORT_COMPLETE dynamics_g2_lstm_s33
SUPPORT_COMPLETE dynamics_g3_xlstm_s11
SUPPORT_COMPLETE dynamics_g3_xlstm_s22
SUPPORT_COMPLETE dynamics_g3_xlstm_s33
SUPPORT_COMPLETE dynamics_g3_lstm_s11
SUPPORT_COMPLETE dynamics_g3_lstm_s22
SUPPORT_COMPLETE dynamics_g3_lstm_s33
SUPPORT_COMPLETE dynamics_g4_xlstm_s22
SUPPORT_COMPLETE dynamics_g4_xlstm_s11
SUPPORT_COMPLETE dynamics_g4_xlstm_s33
SUPPORT_COMPLETE dynamics_g4_lstm_s22
SUPPORT_COMPLETE dynamics_g4_lstm_s11
SUPPORT_COMPLETE dynamics_g4_lstm_s33
SUPPORT_COMPLETE correlation_g0_xlstm_s33
SUPPORT_COMPLETE correlation_g0_xlstm_s22
SUPPORT_COMPLETE correlation_g0_xlstm_s11
SUPPORT_COMPLETE correlation_g0_lstm_s22
SUPPORT_COMPLETE correlation_g0_lstm_s33
SUPPORT_COMPLETE correlation_g0_lstm_s11
SUPPORT_COMPLETE correlation_g1_xlstm_s11
SUPPORT_COMPLETE correlation_g1_xlstm_s33
SUPPORT_COMPLETE correlation_g1_xlstm_s22
SUPPORT_COMPLETE correlation_g1_lstm_s33
SUPPORT_COMPLETE correlation_g1_lstm_s22
SUPPORT_COMPLETE correlation_g1_lstm_s11
SUPPORT_COMPLETE correlation_g2_xlstm_s11
SUPPORT_COMPLETE correlation_g2_xlstm_s33
SUPPORT_COMPLETE correlation_g2_xlstm_s22
SUPPORT_COMPLETE correlation_g2_lstm_s11
SUPPORT_COMPLETE correlation_g2_lstm_s33
SUPPORT_COMPLETE correlation_g2_lstm_s22
SUPPORT_COMPLETE correlation_g3_xlstm_s11
SUPPORT_COMPLETE correlation_g3_xlstm_s22
SUPPORT_COMPLETE correlation_g3_xlstm_s33
SUPPORT_COMPLETE correlation_g3_lstm_s11
SUPPORT_COMPLETE correlation_g3_lstm_s22
SUPPORT_COMPLETE correlation_g3_lstm_s33
SUPPORT_COMPLETE correlation_g4_xlstm_s11
SUPPORT_COMPLETE correlation_g4_xlstm_s22
SUPPORT_COMPLETE correlation_g4_xlstm_s33
SUPPORT_COMPLETE correlation_g4_lstm_s11
SUPPORT_COMPLETE correlation_g4_lstm_s33
SUPPORT_COMPLETE correlation_g4_lstm_s22
MECHANISM_COMPLETE dynamics_g0_xlstm_s11
MECHANISM_COMPLETE dynamics_g0_xlstm_s22
MECHANISM_COMPLETE dynamics_g0_xlstm_s33
MECHANISM_COMPLETE dynamics_g0_lstm_s11
MECHANISM_COMPLETE dynamics_g0_lstm_s22
MECHANISM_COMPLETE dynamics_g0_lstm_s33
MECHANISM_COMPLETE dynamics_g1_xlstm_s11
MECHANISM_COMPLETE dynamics_g1_xlstm_s22
MECHANISM_COMPLETE dynamics_g1_xlstm_s33
MECHANISM_COMPLETE dynamics_g1_lstm_s11
MECHANISM_COMPLETE dynamics_g1_lstm_s22
MECHANISM_COMPLETE dynamics_g1_lstm_s33
MECHANISM_COMPLETE dynamics_g2_xlstm_s11
MECHANISM_COMPLETE dynamics_g2_xlstm_s22
MECHANISM_COMPLETE dynamics_g2_xlstm_s33
MECHANISM_COMPLETE dynamics_g2_lstm_s11
MECHANISM_COMPLETE dynamics_g2_lstm_s22
MECHANISM_COMPLETE dynamics_g2_lstm_s33
MECHANISM_COMPLETE dynamics_g3_xlstm_s11
MECHANISM_COMPLETE dynamics_g3_xlstm_s22
MECHANISM_COMPLETE dynamics_g3_xlstm_s33
MECHANISM_COMPLETE dynamics_g3_lstm_s11
MECHANISM_COMPLETE dynamics_g3_lstm_s22
MECHANISM_COMPLETE dynamics_g3_lstm_s33
MECHANISM_COMPLETE dynamics_g4_xlstm_s11
MECHANISM_COMPLETE dynamics_g4_xlstm_s22
MECHANISM_COMPLETE dynamics_g4_xlstm_s33
MECHANISM_COMPLETE dynamics_g4_lstm_s11
MECHANISM_COMPLETE dynamics_g4_lstm_s22
MECHANISM_COMPLETE dynamics_g4_lstm_s33
EXECUTION_COMPLETE
