loader_variant {'arch': '121', 'code': 'sm_121', 'static_global_template_stub': 'false', 'extension_dir': '/tmp/xlstm_cuda_full121_false', 'sources': ['/home/p76141495/home/xlstm_anomaly/data/phase_e2/venv/lib/python3.12/site-packages/xlstm/blocks/slstm/src/cuda/slstm.cc', '/home/p76141495/home/xlstm_anomaly/data/phase_e2/venv/lib/python3.12/site-packages/xlstm/blocks/slstm/src/cuda/slstm_forward.cu', '/home/p76141495/home/xlstm_anomaly/data/phase_e2/venv/lib/python3.12/site-packages/xlstm/blocks/slstm/src/cuda/slstm_backward.cu', '/home/p76141495/home/xlstm_anomaly/data/phase_e2/venv/lib/python3.12/site-packages/xlstm/blocks/slstm/src/cuda/slstm_backward_cut.cu', '/home/p76141495/home/xlstm_anomaly/data/phase_e2/venv/lib/python3.12/site-packages/xlstm/blocks/slstm/src/cuda/slstm_pointwise.cu', '/home/p76141495/home/xlstm_anomaly/data/phase_e2/venv/lib/python3.12/site-packages/xlstm/blocks/slstm/src/util/blas.cu', '/home/p76141495/home/xlstm_anomaly/data/phase_e2/venv/lib/python3.12/site-packages/xlstm/blocks/slstm/src/util/cuda_error.cu']}
[1/8] c++ -MMD -MF slstm.o.d -DTORCH_EXTENSION_NAME=slstm -DTORCH_API_INCLUDE_EXTENSION_H -isystem /home/p76141495/.local/lib/python3.12/site-packages/torch/include -isystem /home/p76141495/.local/lib/python3.12/site-packages/torch/include/torch/csrc/api/include -isystem /usr/local/cuda/include -isystem /usr/include/python3.12 -fPIC -std=c++20 -DSLSTM_HIDDEN_SIZE=40 -DSLSTM_BATCH_SIZE=8 -DSLSTM_NUM_HEADS=4 -DSLSTM_NUM_STATES=4 -DSLSTM_DTYPE_B=float -DSLSTM_DTYPE_R=float -DSLSTM_DTYPE_W=float -DSLSTM_DTYPE_G=float -DSLSTM_DTYPE_S=float -DSLSTM_DTYPE_A=float -DSLSTM_NUM_GATES=4 -DSLSTM_SIMPLE_AGG=true -DSLSTM_GRADIENT_RECURRENT_CLIPVAL_VALID=false -DSLSTM_GRADIENT_RECURRENT_CLIPVAL=0.0 -DSLSTM_FORWARD_CLIPVAL_VALID=false -DSLSTM_FORWARD_CLIPVAL=0.0 -isystem /home/p76141495/home/xlstm_anomaly/data/phase_e/python_headers/usr/include/python3.12 -isystem /home/p76141495/home/xlstm_anomaly/data/phase_e/python_headers/usr/include -c /home/p76141495/home/xlstm_anomaly/data/phase_e2/venv/lib/python3.12/site-packages/xlstm/blocks/slstm/src/cuda/slstm.cc -o slstm.o 
[2/8] /usr/local/cuda/bin/nvcc -MD -MF slstm_forward.cuda.o.d -DTORCH_EXTENSION_NAME=slstm -DTORCH_API_INCLUDE_EXTENSION_H -isystem /home/p76141495/.local/lib/python3.12/site-packages/torch/include -isystem /home/p76141495/.local/lib/python3.12/site-packages/torch/include/torch/csrc/api/include -isystem /usr/local/cuda/include -isystem /usr/include/python3.12 -D__CUDA_NO_HALF_OPERATORS__ -D__CUDA_NO_HALF_CONVERSIONS__ -D__CUDA_NO_BFLOAT16_CONVERSIONS__ -D__CUDA_NO_HALF2_OPERATORS__ --expt-relaxed-constexpr --compiler-options '-fPIC' -Xptxas="-v" -gencode arch=compute_121,code=sm_121 -res-usage --use_fast_math -O3 -Xptxas -O3 --extra-device-vectorization -isystem /home/p76141495/home/xlstm_anomaly/data/phase_e/python_headers/usr/include/python3.12 -isystem /home/p76141495/home/xlstm_anomaly/data/phase_e/python_headers/usr/include --static-global-template-stub=false -std=c++20 -c /home/p76141495/home/xlstm_anomaly/data/phase_e2/venv/lib/python3.12/site-packages/xlstm/blocks/slstm/src/cuda/slstm_forward.cu -o slstm_forward.cuda.o 
ptxas info    : 0 bytes gmem
[3/8] /usr/local/cuda/bin/nvcc -MD -MF slstm_backward.cuda.o.d -DTORCH_EXTENSION_NAME=slstm -DTORCH_API_INCLUDE_EXTENSION_H -isystem /home/p76141495/.local/lib/python3.12/site-packages/torch/include -isystem /home/p76141495/.local/lib/python3.12/site-packages/torch/include/torch/csrc/api/include -isystem /usr/local/cuda/include -isystem /usr/include/python3.12 -D__CUDA_NO_HALF_OPERATORS__ -D__CUDA_NO_HALF_CONVERSIONS__ -D__CUDA_NO_BFLOAT16_CONVERSIONS__ -D__CUDA_NO_HALF2_OPERATORS__ --expt-relaxed-constexpr --compiler-options '-fPIC' -Xptxas="-v" -gencode arch=compute_121,code=sm_121 -res-usage --use_fast_math -O3 -Xptxas -O3 --extra-device-vectorization -isystem /home/p76141495/home/xlstm_anomaly/data/phase_e/python_headers/usr/include/python3.12 -isystem /home/p76141495/home/xlstm_anomaly/data/phase_e/python_headers/usr/include --static-global-template-stub=false -std=c++20 -c /home/p76141495/home/xlstm_anomaly/data/phase_e2/venv/lib/python3.12/site-packages/xlstm/blocks/slstm/src/cuda/slstm_backward.cu -o slstm_backward.cuda.o 
ptxas info    : 0 bytes gmem
ptxas info    : Compiling entry function '_ZN50_GLOBAL__N__142d027c_17_slstm_backward_cu_3639fa5e29gradientBiasAggregationKernelEjjjjjjPKfS1_Pf' for 'sm_121'
ptxas info    : Function properties for _ZN50_GLOBAL__N__142d027c_17_slstm_backward_cu_3639fa5e29gradientBiasAggregationKernelEjjjjjjPKfS1_Pf
    0 bytes stack frame, 0 bytes spill stores, 0 bytes spill loads
ptxas info    : Used 40 registers, used 0 barriers
ptxas info    : Compile time = 7.563 ms
[4/8] /usr/local/cuda/bin/nvcc -MD -MF slstm_backward_cut.cuda.o.d -DTORCH_EXTENSION_NAME=slstm -DTORCH_API_INCLUDE_EXTENSION_H -isystem /home/p76141495/.local/lib/python3.12/site-packages/torch/include -isystem /home/p76141495/.local/lib/python3.12/site-packages/torch/include/torch/csrc/api/include -isystem /usr/local/cuda/include -isystem /usr/include/python3.12 -D__CUDA_NO_HALF_OPERATORS__ -D__CUDA_NO_HALF_CONVERSIONS__ -D__CUDA_NO_BFLOAT16_CONVERSIONS__ -D__CUDA_NO_HALF2_OPERATORS__ --expt-relaxed-constexpr --compiler-options '-fPIC' -Xptxas="-v" -gencode arch=compute_121,code=sm_121 -res-usage --use_fast_math -O3 -Xptxas -O3 --extra-device-vectorization -isystem /home/p76141495/home/xlstm_anomaly/data/phase_e/python_headers/usr/include/python3.12 -isystem /home/p76141495/home/xlstm_anomaly/data/phase_e/python_headers/usr/include --static-global-template-stub=false -std=c++20 -c /home/p76141495/home/xlstm_anomaly/data/phase_e2/venv/lib/python3.12/site-packages/xlstm/blocks/slstm/src/cuda/slstm_backward_cut.cu -o slstm_backward_cut.cuda.o 
ptxas info    : 0 bytes gmem
ptxas info    : Compiling entry function '_ZN54_GLOBAL__N__cbf7a0ad_21_slstm_backward_cut_cu_1c2c4d0129gradientBiasAggregationKernelEjjjjjjPKfS1_Pf' for 'sm_121'
ptxas info    : Function properties for _ZN54_GLOBAL__N__cbf7a0ad_21_slstm_backward_cut_cu_1c2c4d0129gradientBiasAggregationKernelEjjjjjjPKfS1_Pf
    0 bytes stack frame, 0 bytes spill stores, 0 bytes spill loads
ptxas info    : Used 40 registers, used 0 barriers
ptxas info    : Compile time = 6.174 ms
[5/8] /usr/local/cuda/bin/nvcc -MD -MF slstm_pointwise.cuda.o.d -DTORCH_EXTENSION_NAME=slstm -DTORCH_API_INCLUDE_EXTENSION_H -isystem /home/p76141495/.local/lib/python3.12/site-packages/torch/include -isystem /home/p76141495/.local/lib/python3.12/site-packages/torch/include/torch/csrc/api/include -isystem /usr/local/cuda/include -isystem /usr/include/python3.12 -D__CUDA_NO_HALF_OPERATORS__ -D__CUDA_NO_HALF_CONVERSIONS__ -D__CUDA_NO_BFLOAT16_CONVERSIONS__ -D__CUDA_NO_HALF2_OPERATORS__ --expt-relaxed-constexpr --compiler-options '-fPIC' -Xptxas="-v" -gencode arch=compute_121,code=sm_121 -res-usage --use_fast_math -O3 -Xptxas -O3 --extra-device-vectorization -isystem /home/p76141495/home/xlstm_anomaly/data/phase_e/python_headers/usr/include/python3.12 -isystem /home/p76141495/home/xlstm_anomaly/data/phase_e/python_headers/usr/include --static-global-template-stub=false -std=c++20 -c /home/p76141495/home/xlstm_anomaly/data/phase_e2/venv/lib/python3.12/site-packages/xlstm/blocks/slstm/src/cuda/slstm_pointwise.cu -o slstm_pointwise.cuda.o 
ptxas info    : 0 bytes gmem
ptxas info    : Compiling entry function '_ZN5slstm21SLSTMPointwiseForwardILb0EEEviiiPKfS2_S2_S2_jPfjS3_S3_' for 'sm_121'
ptxas info    : Function properties for _ZN5slstm21SLSTMPointwiseForwardILb0EEEviiiPKfS2_S2_S2_jPfjS3_S3_
    0 bytes stack frame, 0 bytes spill stores, 0 bytes spill loads
ptxas info    : Used 40 registers, used 0 barriers
ptxas info    : Compile time = 4.041 ms
ptxas info    : Compiling entry function '_ZN5slstm21SLSTMPointwiseForwardILb1EEEviiiPKfS2_S2_S2_jPfjS3_S3_' for 'sm_121'
ptxas info    : Function properties for _ZN5slstm21SLSTMPointwiseForwardILb1EEEviiiPKfS2_S2_S2_jPfjS3_S3_
    0 bytes stack frame, 0 bytes spill stores, 0 bytes spill loads
ptxas info    : Used 40 registers, used 0 barriers
ptxas info    : Compile time = 3.424 ms
ptxas info    : Compiling entry function '_ZN5slstm22SLSTMPointwiseBackwardEiiiPKfjS1_S1_S1_S1_jS1_jPfjS2_S2_S2_' for 'sm_121'
ptxas info    : Function properties for _ZN5slstm22SLSTMPointwiseBackwardEiiiPKfjS1_S1_S1_S1_jS1_jPfjS2_S2_S2_
    0 bytes stack frame, 0 bytes spill stores, 0 bytes spill loads
ptxas info    : Used 40 registers, used 0 barriers
ptxas info    : Compile time = 2.827 ms
[6/8] /usr/local/cuda/bin/nvcc -MD -MF blas.cuda.o.d -DTORCH_EXTENSION_NAME=slstm -DTORCH_API_INCLUDE_EXTENSION_H -isystem /home/p76141495/.local/lib/python3.12/site-packages/torch/include -isystem /home/p76141495/.local/lib/python3.12/site-packages/torch/include/torch/csrc/api/include -isystem /usr/local/cuda/include -isystem /usr/include/python3.12 -D__CUDA_NO_HALF_OPERATORS__ -D__CUDA_NO_HALF_CONVERSIONS__ -D__CUDA_NO_BFLOAT16_CONVERSIONS__ -D__CUDA_NO_HALF2_OPERATORS__ --expt-relaxed-constexpr --compiler-options '-fPIC' -Xptxas="-v" -gencode arch=compute_121,code=sm_121 -res-usage --use_fast_math -O3 -Xptxas -O3 --extra-device-vectorization -isystem /home/p76141495/home/xlstm_anomaly/data/phase_e/python_headers/usr/include/python3.12 -isystem /home/p76141495/home/xlstm_anomaly/data/phase_e/python_headers/usr/include --static-global-template-stub=false -std=c++20 -c /home/p76141495/home/xlstm_anomaly/data/phase_e2/venv/lib/python3.12/site-packages/xlstm/blocks/slstm/src/util/blas.cu -o blas.cuda.o 
ptxas info    : 0 bytes gmem
ptxas info    : Compiling entry function '_Z10initKernelI13__nv_bfloat16EvPT_iS1_' for 'sm_121'
ptxas info    : Function properties for _Z10initKernelI13__nv_bfloat16EvPT_iS1_
    0 bytes stack frame, 0 bytes spill stores, 0 bytes spill loads
ptxas info    : Used 10 registers, used 0 barriers
ptxas info    : Compile time = 1.752 ms
ptxas info    : Compiling entry function '_Z10initKernelI6__halfEvPT_iS1_' for 'sm_121'
ptxas info    : Function properties for _Z10initKernelI6__halfEvPT_iS1_
    0 bytes stack frame, 0 bytes spill stores, 0 bytes spill loads
ptxas info    : Used 10 registers, used 0 barriers
ptxas info    : Compile time = 0.977 ms
ptxas info    : Compiling entry function '_Z10initKernelIfEvPT_iS0_' for 'sm_121'
ptxas info    : Function properties for _Z10initKernelIfEvPT_iS0_
    0 bytes stack frame, 0 bytes spill stores, 0 bytes spill loads
ptxas info    : Used 10 registers, used 0 barriers
ptxas info    : Compile time = 0.760 ms
ptxas info    : Compiling entry function '_Z10initKernelIdEvPT_iS0_' for 'sm_121'
ptxas info    : Function properties for _Z10initKernelIdEvPT_iS0_
    0 bytes stack frame, 0 bytes spill stores, 0 bytes spill loads
ptxas info    : Used 10 registers, used 0 barriers
ptxas info    : Compile time = 0.743 ms
[7/8] /usr/local/cuda/bin/nvcc -MD -MF cuda_error.cuda.o.d -DTORCH_EXTENSION_NAME=slstm -DTORCH_API_INCLUDE_EXTENSION_H -isystem /home/p76141495/.local/lib/python3.12/site-packages/torch/include -isystem /home/p76141495/.local/lib/python3.12/site-packages/torch/include/torch/csrc/api/include -isystem /usr/local/cuda/include -isystem /usr/include/python3.12 -D__CUDA_NO_HALF_OPERATORS__ -D__CUDA_NO_HALF_CONVERSIONS__ -D__CUDA_NO_BFLOAT16_CONVERSIONS__ -D__CUDA_NO_HALF2_OPERATORS__ --expt-relaxed-constexpr --compiler-options '-fPIC' -Xptxas="-v" -gencode arch=compute_121,code=sm_121 -res-usage --use_fast_math -O3 -Xptxas -O3 --extra-device-vectorization -isystem /home/p76141495/home/xlstm_anomaly/data/phase_e/python_headers/usr/include/python3.12 -isystem /home/p76141495/home/xlstm_anomaly/data/phase_e/python_headers/usr/include --static-global-template-stub=false -std=c++20 -c /home/p76141495/home/xlstm_anomaly/data/phase_e2/venv/lib/python3.12/site-packages/xlstm/blocks/slstm/src/util/cuda_error.cu -o cuda_error.cuda.o 
ptxas info    : 0 bytes gmem
[8/8] c++ slstm.o slstm_forward.cuda.o slstm_backward.cuda.o slstm_backward_cut.cuda.o slstm_pointwise.cuda.o blas.cuda.o cuda_error.cuda.o -shared -L/usr/local/cuda/lib -lcublas -L/home/p76141495/.local/lib/python3.12/site-packages/torch/lib -lc10 -lc10_cuda -ltorch_cpu -ltorch_cuda -ltorch -ltorch_python -L/usr/local/cuda/lib64 -lcudart -o slstm.so
/home/p76141495/home/xlstm_anomaly/data/phase_e2/venv/lib/python3.12/site-packages/xlstm/blocks/slstm/cell.py:543: FutureWarning: `torch.cuda.amp.custom_fwd(args...)` is deprecated. Please use `torch.amp.custom_fwd(args..., device_type='cuda')` instead.
  @conditional_decorator(
/home/p76141495/home/xlstm_anomaly/data/phase_e2/venv/lib/python3.12/site-packages/xlstm/blocks/slstm/cell.py:568: FutureWarning: `torch.cuda.amp.custom_bwd(args...)` is deprecated. Please use `torch.amp.custom_bwd(args..., device_type='cuda')` instead.
  @conditional_decorator(
loader_variant {'arch': '121', 'code': 'sm_121', 'static_global_template_stub': 'false', 'extension_dir': '/tmp/xlstm_cuda_full121_false', 'sources': ['/home/p76141495/home/xlstm_anomaly/data/phase_e2/venv/lib/python3.12/site-packages/xlstm/blocks/slstm/src/cuda/slstm.cc', '/home/p76141495/home/xlstm_anomaly/data/phase_e2/venv/lib/python3.12/site-packages/xlstm/blocks/slstm/src/cuda/slstm_forward.cu', '/home/p76141495/home/xlstm_anomaly/data/phase_e2/venv/lib/python3.12/site-packages/xlstm/blocks/slstm/src/cuda/slstm_backward.cu', '/home/p76141495/home/xlstm_anomaly/data/phase_e2/venv/lib/python3.12/site-packages/xlstm/blocks/slstm/src/cuda/slstm_backward_cut.cu', '/home/p76141495/home/xlstm_anomaly/data/phase_e2/venv/lib/python3.12/site-packages/xlstm/blocks/slstm/src/cuda/slstm_pointwise.cu', '/home/p76141495/home/xlstm_anomaly/data/phase_e2/venv/lib/python3.12/site-packages/xlstm/blocks/slstm/src/util/blas.cu', '/home/p76141495/home/xlstm_anomaly/data/phase_e2/venv/lib/python3.12/site-packages/xlstm/blocks/slstm/src/util/cuda_error.cu']}
<stdin>:20: UserWarning: Converting a tensor with requires_grad=True to a scalar may lead to unexpected behavior.
Consider using tensor.detach() first. (Triggered internally at /__w/pytorch/pytorch/torch/csrc/autograd/generated/python_variable_methods.cpp:822.)
full_model_pass (8, 64, 8) 1.1873501539230347 True True
