3000_abrupt_spike_11 seconds 1.4893001359887421
3000_abrupt_spike_22 seconds 1.4492919002659619
3000_abrupt_spike_33 seconds 1.449981790035963
3000_abrupt_spike_44 seconds 1.4453016840852797
3000_abrupt_spike_55 seconds 1.4538400853052735
3000_abrupt_collective_11 seconds 1.5236576730385423
3000_abrupt_collective_22 seconds 1.4654264911077917
3000_abrupt_collective_33 seconds 1.4511503842659295
3000_abrupt_collective_44 seconds 1.4529307228513062
3000_abrupt_collective_55 seconds 1.4556080088950694
3000_abrupt_dependency_11 seconds 1.4532089470885694
3000_abrupt_dependency_22 seconds 1.4521036972291768
3000_abrupt_dependency_33 seconds 1.450982159934938
3000_abrupt_dependency_44 seconds 1.4574622036889195
3000_abrupt_dependency_55 seconds 1.4538002768531442
3000_abrupt_mixture_11 seconds 1.449768973980099
3000_abrupt_mixture_22 seconds 1.4556983769871294
3000_abrupt_mixture_33 seconds 1.456612795125693
3000_abrupt_mixture_44 seconds 1.4559046649374068
3000_abrupt_mixture_55 seconds 1.454474854748696
3000_gradual_spike_11 seconds 1.4905089708045125
3000_gradual_spike_22 seconds 1.4906555311754346
3000_gradual_spike_33 seconds 1.4931771359406412
3000_gradual_spike_44 seconds 1.4893696252256632
3000_gradual_spike_55 seconds 1.487881014123559
3000_gradual_collective_11 seconds 1.4853175529278815
3000_gradual_collective_22 seconds 1.4835743177682161
3000_gradual_collective_33 seconds 1.4833216299302876
3000_gradual_collective_44 seconds 1.485025648958981
3000_gradual_collective_55 seconds 1.483137484639883
3000_gradual_dependency_11 seconds 1.4835152779705822
3000_gradual_dependency_22 seconds 1.4813274657353759
3000_gradual_dependency_33 seconds 1.5554993832483888
3000_gradual_dependency_44 seconds 1.4808767139911652
3000_gradual_dependency_55 seconds 1.484823232050985
3000_gradual_mixture_11 seconds 1.4883858473040164
3000_gradual_mixture_22 seconds 1.4826024291105568
3000_gradual_mixture_33 seconds 1.4902531951665878
3000_gradual_mixture_44 seconds 1.4810116742737591
3000_gradual_mixture_55 seconds 1.4863408841192722
3000_recurring_spike_11 seconds 1.4541140547953546
3000_recurring_spike_22 seconds 1.4581426219083369
3000_recurring_spike_33 seconds 1.4604358738288283
3000_recurring_spike_44 seconds 1.4519050111994147
3000_recurring_spike_55 seconds 1.4569353889673948
3000_recurring_collective_11 seconds 1.4538430939428508
3000_recurring_collective_22 seconds 1.4541715593077242
3000_recurring_collective_33 seconds 1.4543625200167298
3000_recurring_collective_44 seconds 1.4544049040414393
3000_recurring_collective_55 seconds 1.461389189120382
3000_recurring_dependency_11 seconds 1.4551754808053374
3000_recurring_dependency_22 seconds 1.4604899398982525
3000_recurring_dependency_33 seconds 1.451827715151012
3000_recurring_dependency_44 seconds 1.456029610708356
3000_recurring_dependency_55 seconds 1.460533507168293
3000_recurring_mixture_11 seconds 1.4569938681088388
3000_recurring_mixture_22 seconds 1.4606579393148422
3000_recurring_mixture_33 seconds 1.4551111622713506
3000_recurring_mixture_44 seconds 1.4570424929261208
3000_recurring_mixture_55 seconds 1.5316274990327656
3000_correlation_spike_11 seconds 1.4571458701975644
3000_correlation_spike_22 seconds 1.461907782126218
3000_correlation_spike_33 seconds 1.46549769397825
3000_correlation_spike_44 seconds 1.457916974555701
3000_correlation_spike_55 seconds 1.4591870410367846
3000_correlation_collective_11 seconds 1.459267106372863
3000_correlation_collective_22 seconds 1.459722051396966
3000_correlation_collective_33 seconds 1.4592975853011012
3000_correlation_collective_44 seconds 1.45819929568097
3000_correlation_collective_55 seconds 1.4623655918985605
3000_correlation_dependency_11 seconds 1.4566970369778574
3000_correlation_dependency_22 seconds 1.4650823487900198
3000_correlation_dependency_33 seconds 1.4595153941772878
3000_correlation_dependency_44 seconds 1.4601951879449189
3000_correlation_dependency_55 seconds 1.4614685182459652
3000_correlation_mixture_11 seconds 1.4642510199919343
3000_correlation_mixture_22 seconds 1.4614869658835232
3000_correlation_mixture_33 seconds 1.4628362180665135
3000_correlation_mixture_44 seconds 1.4637401700019836
3000_correlation_mixture_55 seconds 1.4636273859068751
3001_abrupt_spike_11 seconds 1.462352295871824
3001_abrupt_spike_22 seconds 1.4581957929767668
3001_abrupt_spike_33 seconds 1.4602431720122695
3001_abrupt_spike_44 seconds 1.4643460917286575
3001_abrupt_spike_55 seconds 1.4618127536959946
3001_abrupt_collective_11 seconds 1.4604256669990718
3001_abrupt_collective_22 seconds 1.464196107815951
3001_abrupt_collective_33 seconds 1.5335908578708768
3001_abrupt_collective_44 seconds 1.4607896441593766
3001_abrupt_collective_55 seconds 1.4648218750953674
3001_abrupt_dependency_11 seconds 1.4632561090402305
3001_abrupt_dependency_22 seconds 1.4631469738669693
3001_abrupt_dependency_33 seconds 1.4638557159341872
3001_abrupt_dependency_44 seconds 1.466885158792138
3001_abrupt_dependency_55 seconds 1.461325192824006
3001_abrupt_mixture_11 seconds 1.4622833621688187
3001_abrupt_mixture_22 seconds 1.461461037863046
3001_abrupt_mixture_33 seconds 1.464285152964294
3001_abrupt_mixture_44 seconds 1.459309957921505
3001_abrupt_mixture_55 seconds 1.4672988234087825
3001_gradual_spike_11 seconds 1.4988918649032712
3001_gradual_spike_22 seconds 1.488884115125984
3001_gradual_spike_33 seconds 1.490705389995128
3001_gradual_spike_44 seconds 1.4881032831035554
3001_gradual_spike_55 seconds 1.4884056220762432
3001_gradual_collective_11 seconds 1.488534890115261
3001_gradual_collective_22 seconds 1.4889055481180549
3001_gradual_collective_33 seconds 1.4922033939510584
3001_gradual_collective_44 seconds 1.493472554255277
3001_gradual_collective_55 seconds 1.489246181678027
3001_gradual_dependency_11 seconds 1.491238417569548
3001_gradual_dependency_22 seconds 1.4926208769902587
3001_gradual_dependency_33 seconds 1.4921310991048813
3001_gradual_dependency_44 seconds 1.4925586399622262
3001_gradual_dependency_55 seconds 1.4918567989952862
3001_gradual_mixture_11 seconds 1.4916041120886803
3001_gradual_mixture_22 seconds 1.4958234811201692
3001_gradual_mixture_33 seconds 1.4907759837806225
3001_gradual_mixture_44 seconds 1.49420259706676
3001_gradual_mixture_55 seconds 1.5726802730932832
3001_recurring_spike_11 seconds 1.466092690359801
3001_recurring_spike_22 seconds 1.4649323988705873
3001_recurring_spike_33 seconds 1.4683478283695877
3001_recurring_spike_44 seconds 1.4676401149481535
3001_recurring_spike_55 seconds 1.4664290719665587
3001_recurring_collective_11 seconds 1.4630007366649806
3001_recurring_collective_22 seconds 1.467954589985311
3001_recurring_collective_33 seconds 1.466653963085264
3001_recurring_collective_44 seconds 1.4706105962395668
3001_recurring_collective_55 seconds 1.4674383732490242
3001_recurring_dependency_11 seconds 1.4673662330023944
3001_recurring_dependency_22 seconds 1.4672688590362668
3001_recurring_dependency_33 seconds 1.46841925336048
3001_recurring_dependency_44 seconds 1.4654843918979168
3001_recurring_dependency_55 seconds 1.466988516971469
3001_recurring_mixture_11 seconds 1.4685027203522623
3001_recurring_mixture_22 seconds 1.4722921350039542
3001_recurring_mixture_33 seconds 1.4693348589353263
3001_recurring_mixture_44 seconds 1.473310339730233
3001_recurring_mixture_55 seconds 1.4694891241379082
3001_correlation_spike_11 seconds 1.476627245079726
3001_correlation_spike_22 seconds 1.4734637439250946
3001_correlation_spike_33 seconds 1.4746665060520172
3001_correlation_spike_44 seconds 1.4748305738903582
3001_correlation_spike_55 seconds 1.4707806049846113
3001_correlation_collective_11 seconds 1.4679160821251571
3001_correlation_collective_22 seconds 1.4706597309559584
3001_correlation_collective_33 seconds 1.4700156850740314
3001_correlation_collective_44 seconds 1.4671766329556704
3001_correlation_collective_55 seconds 1.4728004587814212
3001_correlation_dependency_11 seconds 1.5991354808211327
3001_correlation_dependency_22 seconds 1.4704283899627626
3001_correlation_dependency_33 seconds 1.4691932671703398
3001_correlation_dependency_44 seconds 1.4688862948678434
3001_correlation_dependency_55 seconds 1.466847486793995
3001_correlation_mixture_11 seconds 1.4711108417250216
3001_correlation_mixture_22 seconds 1.4699815441854298
3001_correlation_mixture_33 seconds 1.467352976091206
3001_correlation_mixture_44 seconds 1.473270160611719
3001_correlation_mixture_55 seconds 1.4668376850895584
3002_abrupt_spike_11 seconds 1.469538948033005
3002_abrupt_spike_22 seconds 1.47034718003124
3002_abrupt_spike_33 seconds 1.4720023777335882
3002_abrupt_spike_44 seconds 1.46210548421368
3002_abrupt_spike_55 seconds 1.462807779200375
3002_abrupt_collective_11 seconds 1.459074901882559
3002_abrupt_collective_22 seconds 1.460829955060035
3002_abrupt_collective_33 seconds 1.4599862601608038
3002_abrupt_collective_44 seconds 1.4634349369443953
3002_abrupt_collective_55 seconds 1.4608000018633902
3002_abrupt_dependency_11 seconds 1.460992886684835
3002_abrupt_dependency_22 seconds 1.4686216502450407
3002_abrupt_dependency_33 seconds 1.4600151479244232
3002_abrupt_dependency_44 seconds 1.464400967117399
3002_abrupt_dependency_55 seconds 1.463316231034696
3002_abrupt_mixture_11 seconds 1.459712842013687
3002_abrupt_mixture_22 seconds 1.464808439835906
3002_abrupt_mixture_33 seconds 1.4602900380268693
3002_abrupt_mixture_44 seconds 1.5444577550515532
3002_abrupt_mixture_55 seconds 1.4620899930596352
3002_gradual_spike_11 seconds 1.4898012708872557
3002_gradual_spike_22 seconds 1.4912627059966326
3002_gradual_spike_33 seconds 1.4891912611201406
3002_gradual_spike_44 seconds 1.488021643832326
3002_gradual_spike_55 seconds 1.4923315909691155
3002_gradual_collective_11 seconds 1.4887225539423525
3002_gradual_collective_22 seconds 1.494643387850374
3002_gradual_collective_33 seconds 1.4896933841519058
3002_gradual_collective_44 seconds 1.487289298325777
3002_gradual_collective_55 seconds 1.492028652690351
3002_gradual_dependency_11 seconds 1.4905854840762913
3002_gradual_dependency_22 seconds 1.492307544220239
3002_gradual_dependency_33 seconds 1.4886963330209255
3002_gradual_dependency_44 seconds 1.4918181598186493
3002_gradual_dependency_55 seconds 1.4897238677367568
3002_gradual_mixture_11 seconds 1.489615696016699
3002_gradual_mixture_22 seconds 1.4949235678650439
3002_gradual_mixture_33 seconds 1.4956513191573322
3002_gradual_mixture_44 seconds 1.4945866637863219
3002_gradual_mixture_55 seconds 1.4964084536768496
3002_recurring_spike_11 seconds 1.4634403977543116
3002_recurring_spike_22 seconds 1.4624810707755387
3002_recurring_spike_33 seconds 1.464204526040703
3002_recurring_spike_44 seconds 1.534613057039678
3002_recurring_spike_55 seconds 1.460930378176272
3002_recurring_collective_11 seconds 1.4629524881020188
3002_recurring_collective_22 seconds 1.4609569967724383
3002_recurring_collective_33 seconds 1.4705247599631548
3002_recurring_collective_44 seconds 1.464477329980582
3002_recurring_collective_55 seconds 1.4647977850399911
3002_recurring_dependency_11 seconds 1.4635489690117538
3002_recurring_dependency_22 seconds 1.4639188167639077
3002_recurring_dependency_33 seconds 1.4639175427146256
3002_recurring_dependency_44 seconds 1.4655784368515015
3002_recurring_dependency_55 seconds 1.4692705883644521
3002_recurring_mixture_11 seconds 1.4668877199292183
3002_recurring_mixture_22 seconds 1.4660247932188213
3002_recurring_mixture_33 seconds 1.4643725212663412
3002_recurring_mixture_44 seconds 1.4630633043125272
3002_recurring_mixture_55 seconds 1.467191617935896
3002_correlation_spike_11 seconds 1.4646907960996032
3002_correlation_spike_22 seconds 1.4748675869777799
3002_correlation_spike_33 seconds 1.4649698659777641
3002_correlation_spike_44 seconds 1.4687768509611487
3002_correlation_spike_55 seconds 1.4655327778309584
3002_correlation_collective_11 seconds 1.46350266225636
3002_correlation_collective_22 seconds 1.4686990771442652
3002_correlation_collective_33 seconds 1.464789530262351
3002_correlation_collective_44 seconds 1.463060632813722
3002_correlation_collective_55 seconds 1.4642900037579238
3002_correlation_dependency_11 seconds 1.5425129933282733
3002_correlation_dependency_22 seconds 1.462545143906027
3002_correlation_dependency_33 seconds 1.4643915118649602
3002_correlation_dependency_44 seconds 1.468801825772971
3002_correlation_dependency_55 seconds 1.4593569431453943
3002_correlation_mixture_11 seconds 1.4659399068914354
3002_correlation_mixture_22 seconds 1.4626942509785295
3002_correlation_mixture_33 seconds 1.4613132430240512
3002_correlation_mixture_44 seconds 1.463799038901925
3002_correlation_mixture_55 seconds 1.4637545319274068
3003_abrupt_spike_11 seconds 1.4668427263386548
3003_abrupt_spike_22 seconds 1.4571740650571883
3003_abrupt_spike_33 seconds 1.4636291097849607
3003_abrupt_spike_44 seconds 1.4628042168915272
3003_abrupt_spike_55 seconds 1.4636989161372185
3003_abrupt_collective_11 seconds 1.4631248880177736
3003_abrupt_collective_22 seconds 1.465805979911238
3003_abrupt_collective_33 seconds 1.4652562229894102
3003_abrupt_collective_44 seconds 1.4590787319466472
3003_abrupt_collective_55 seconds 1.4630990442819893
3003_abrupt_dependency_11 seconds 1.462798906955868
3003_abrupt_dependency_22 seconds 1.4627015530131757
3003_abrupt_dependency_33 seconds 1.4656417658552527
3003_abrupt_dependency_44 seconds 1.4581679478287697
3003_abrupt_dependency_55 seconds 1.4654126106761396
3003_abrupt_mixture_11 seconds 1.467609572224319
3003_abrupt_mixture_22 seconds 1.4650507038459182
3003_abrupt_mixture_33 seconds 1.4650701028294861
3003_abrupt_mixture_44 seconds 1.4591702288016677
3003_abrupt_mixture_55 seconds 1.4616907108575106
3003_gradual_spike_11 seconds 1.573054503183812
3003_gradual_spike_22 seconds 1.4898098236881196
3003_gradual_spike_33 seconds 1.4921953617595136
3003_gradual_spike_44 seconds 1.4955400880426168
3003_gradual_spike_55 seconds 1.4930591550655663
3003_gradual_collective_11 seconds 1.4899588930420578
3003_gradual_collective_22 seconds 1.4914976269938052
3003_gradual_collective_33 seconds 1.4938698853366077
3003_gradual_collective_44 seconds 1.4926900630816817
3003_gradual_collective_55 seconds 1.4899261062964797
3003_gradual_dependency_11 seconds 1.494942678604275
3003_gradual_dependency_22 seconds 1.4975525219924748
3003_gradual_dependency_33 seconds 1.4918082160875201
3003_gradual_dependency_44 seconds 1.490774123929441
3003_gradual_dependency_55 seconds 1.4918706947937608
3003_gradual_mixture_11 seconds 1.492319201119244
3003_gradual_mixture_22 seconds 1.4912410429678857
3003_gradual_mixture_33 seconds 1.4909680737182498
3003_gradual_mixture_44 seconds 1.4935231478884816
3003_gradual_mixture_55 seconds 1.4928534086793661
3003_recurring_spike_11 seconds 1.4642129098065197
3003_recurring_spike_22 seconds 1.4640343100763857
3003_recurring_spike_33 seconds 1.45864003803581
3003_recurring_spike_44 seconds 1.4654926522634923
3003_recurring_spike_55 seconds 1.4561804588884115
3003_recurring_collective_11 seconds 1.4597748201340437
3003_recurring_collective_22 seconds 1.4653487699106336
3003_recurring_collective_33 seconds 1.4607882797718048
3003_recurring_collective_44 seconds 1.4633297701366246
3003_recurring_collective_55 seconds 1.4569683750160038
3003_recurring_dependency_11 seconds 1.4632470668293536
3003_recurring_dependency_22 seconds 1.5357724041678011
3003_recurring_dependency_33 seconds 1.4646765599027276
3003_recurring_dependency_44 seconds 1.4617809397168458
3003_recurring_dependency_55 seconds 1.4624181189574301
3003_recurring_mixture_11 seconds 1.4617396760731936
3003_recurring_mixture_22 seconds 1.4629667629487813
3003_recurring_mixture_33 seconds 1.463428100105375
3003_recurring_mixture_44 seconds 1.4631970999762416
3003_recurring_mixture_55 seconds 1.4635586929507554
3003_correlation_spike_11 seconds 1.469800264108926
3003_correlation_spike_22 seconds 1.4638297031633556
3003_correlation_spike_33 seconds 1.4662173208780587
3003_correlation_spike_44 seconds 1.4627856030128896
3003_correlation_spike_55 seconds 1.4691434781998396
3003_correlation_collective_11 seconds 1.4636862478218973
3003_correlation_collective_22 seconds 1.4669368942268193
3003_correlation_collective_33 seconds 1.4826543750241399
3003_correlation_collective_44 seconds 1.4679611390456557
3003_correlation_collective_55 seconds 1.4648971031419933
3003_correlation_dependency_11 seconds 1.4721270450390875
3003_correlation_dependency_22 seconds 1.463461514096707
3003_correlation_dependency_33 seconds 1.4650220088660717
3003_correlation_dependency_44 seconds 1.4703720388934016
3003_correlation_dependency_55 seconds 1.4668818567879498
3003_correlation_mixture_11 seconds 1.4677270059473813
3003_correlation_mixture_22 seconds 1.4629716509953141
3003_correlation_mixture_33 seconds 1.4731637327931821
3003_correlation_mixture_44 seconds 1.4638118320144713
3003_correlation_mixture_55 seconds 1.4634299017488956
3004_abrupt_spike_11 seconds 1.470318785868585
3004_abrupt_spike_22 seconds 1.4790857420302927
3004_abrupt_spike_33 seconds 1.5336603070609272
3004_abrupt_spike_44 seconds 1.4597215838730335
3004_abrupt_spike_55 seconds 1.464369274675846
3004_abrupt_collective_11 seconds 1.461721593979746
3004_abrupt_collective_22 seconds 1.4626695583574474
3004_abrupt_collective_33 seconds 1.4689559447579086
3004_abrupt_collective_44 seconds 1.4627140411175787
3004_abrupt_collective_55 seconds 1.4648705869913101
3004_abrupt_dependency_11 seconds 1.4648217940703034
3004_abrupt_dependency_22 seconds 1.4656331986188889
3004_abrupt_dependency_33 seconds 1.4622397059574723
3004_abrupt_dependency_44 seconds 1.4624053477309644
3004_abrupt_dependency_55 seconds 1.4657905870117247
3004_abrupt_mixture_11 seconds 1.486468422692269
3004_abrupt_mixture_22 seconds 1.4621103829704225
3004_abrupt_mixture_33 seconds 1.4587446823716164
3004_abrupt_mixture_44 seconds 1.4651902369223535
3004_abrupt_mixture_55 seconds 1.4627243960276246
3004_gradual_spike_11 seconds 1.4937250083312392
3004_gradual_spike_22 seconds 1.49733877601102
3004_gradual_spike_33 seconds 1.4900738280266523
3004_gradual_spike_44 seconds 1.491623586975038
3004_gradual_spike_55 seconds 1.4933261149562895
3004_gradual_collective_11 seconds 1.491006881929934
3004_gradual_collective_22 seconds 1.4917439511045814
3004_gradual_collective_33 seconds 1.5694629517383873
3004_gradual_collective_44 seconds 1.4973585181869566
3004_gradual_collective_55 seconds 1.4944022269919515
3004_gradual_dependency_11 seconds 1.4967946619726717
3004_gradual_dependency_22 seconds 1.4899196680635214
3004_gradual_dependency_33 seconds 1.4946164321154356
3004_gradual_dependency_44 seconds 1.4949035299941897
3004_gradual_dependency_55 seconds 1.4935575337149203
3004_gradual_mixture_11 seconds 1.4932377180084586
3004_gradual_mixture_22 seconds 1.493982674088329
3004_gradual_mixture_33 seconds 1.5125601789914072
3004_gradual_mixture_44 seconds 1.4923729258589447
3004_gradual_mixture_55 seconds 1.4951306101866066
3004_recurring_spike_11 seconds 1.4611525679938495
3004_recurring_spike_22 seconds 1.461073825135827
3004_recurring_spike_33 seconds 1.4624025761149824
3004_recurring_spike_44 seconds 1.4624169692397118
3004_recurring_spike_55 seconds 1.4620542889460921
3004_recurring_collective_11 seconds 1.465076566208154
3004_recurring_collective_22 seconds 1.461909363977611
3004_recurring_collective_33 seconds 1.4614642038941383
3004_recurring_collective_44 seconds 1.460812084376812
3004_recurring_collective_55 seconds 1.4598726658150554
3004_recurring_dependency_11 seconds 1.4598404029384255
3004_recurring_dependency_22 seconds 1.464451919309795
3004_recurring_dependency_33 seconds 1.4650766989216208
3004_recurring_dependency_44 seconds 1.4586242358200252
3004_recurring_dependency_55 seconds 1.541886833962053
3004_recurring_mixture_11 seconds 1.4626082377508283
3004_recurring_mixture_22 seconds 1.4663923741318285
3004_recurring_mixture_33 seconds 1.4649617243558168
3004_recurring_mixture_44 seconds 1.4579954501241446
3004_recurring_mixture_55 seconds 1.4629165041260421
3004_correlation_spike_11 seconds 1.4659244921058416
3004_correlation_spike_22 seconds 1.462989707943052
3004_correlation_spike_33 seconds 1.4631166770122945
3004_correlation_spike_44 seconds 1.4697309210896492
3004_correlation_spike_55 seconds 1.4636792922392488
3004_correlation_collective_11 seconds 1.4634088529273868
3004_correlation_collective_22 seconds 1.4626111639663577
3004_correlation_collective_33 seconds 1.4646529569290578
3004_correlation_collective_44 seconds 1.47050199797377
3004_correlation_collective_55 seconds 1.4653122602030635
3004_correlation_dependency_11 seconds 1.465484750457108
3004_correlation_dependency_22 seconds 1.463421265129
3004_correlation_dependency_33 seconds 1.467831595800817
3004_correlation_dependency_44 seconds 1.4812039756216109
3004_correlation_dependency_55 seconds 1.4704285538755357
3004_correlation_mixture_11 seconds 1.467609432991594
3004_correlation_mixture_22 seconds 1.4652817072346807
3004_correlation_mixture_33 seconds 1.467353308107704
3004_correlation_mixture_44 seconds 1.465648592915386
3004_correlation_mixture_55 seconds 1.4674651050008833
3005_abrupt_spike_11 seconds 1.463416171260178
3005_abrupt_spike_22 seconds 1.462262801360339
3005_abrupt_spike_33 seconds 1.5392636228352785
3005_abrupt_spike_44 seconds 1.4641607962548733
3005_abrupt_spike_55 seconds 1.4648912409320474
3005_abrupt_collective_11 seconds 1.4646950270980597
3005_abrupt_collective_22 seconds 1.4601301080547273
3005_abrupt_collective_33 seconds 1.4599922937341034
3005_abrupt_collective_44 seconds 1.4676918368786573
3005_abrupt_collective_55 seconds 1.462407779879868
3005_abrupt_dependency_11 seconds 1.4619898851960897
3005_abrupt_dependency_22 seconds 1.468550942838192
3005_abrupt_dependency_33 seconds 1.4660449279472232
3005_abrupt_dependency_44 seconds 1.466529549099505
3005_abrupt_dependency_55 seconds 1.476664124056697
3005_abrupt_mixture_11 seconds 1.4665412646718323
3005_abrupt_mixture_22 seconds 1.462564254179597
3005_abrupt_mixture_33 seconds 1.4643608462065458
3005_abrupt_mixture_44 seconds 1.4679592056199908
3005_abrupt_mixture_55 seconds 1.4658937212079763
3005_gradual_spike_11 seconds 1.4941469058394432
3005_gradual_spike_22 seconds 1.4922406380064785
3005_gradual_spike_33 seconds 1.4886282831430435
3005_gradual_spike_44 seconds 1.4929931247606874
3005_gradual_spike_55 seconds 1.4910514489747584
3005_gradual_collective_11 seconds 1.4905513930134475
3005_gradual_collective_22 seconds 1.4950967957265675
3005_gradual_collective_33 seconds 1.4930219985544682
3005_gradual_collective_44 seconds 1.4996046251617372
3005_gradual_collective_55 seconds 1.4960700147785246
3005_gradual_dependency_11 seconds 1.4956681518815458
3005_gradual_dependency_22 seconds 1.4955267859622836
3005_gradual_dependency_33 seconds 1.4923876179382205
3005_gradual_dependency_44 seconds 1.4937488636933267
3005_gradual_dependency_55 seconds 1.5679754610173404
3005_gradual_mixture_11 seconds 1.496929184999317
3005_gradual_mixture_22 seconds 1.4945773631334305
3005_gradual_mixture_33 seconds 1.4928358639590442
3005_gradual_mixture_44 seconds 1.4930434431880713
3005_gradual_mixture_55 seconds 1.4935916308313608
3005_recurring_spike_11 seconds 1.4620337542146444
3005_recurring_spike_22 seconds 1.4617866277694702
3005_recurring_spike_33 seconds 1.4603414819575846
3005_recurring_spike_44 seconds 1.461242217104882
3005_recurring_spike_55 seconds 1.4614562117494643
3005_recurring_collective_11 seconds 1.4644553698599339
3005_recurring_collective_22 seconds 1.460265540983528
3005_recurring_collective_33 seconds 1.461883126758039
3005_recurring_collective_44 seconds 1.4621781618334353
3005_recurring_collective_55 seconds 1.4626416633836925
3005_recurring_dependency_11 seconds 1.4732754868455231
3005_recurring_dependency_22 seconds 1.4614322250708938
3005_recurring_dependency_33 seconds 1.4675543047487736
3005_recurring_dependency_44 seconds 1.4636384947225451
3005_recurring_dependency_55 seconds 1.460442831274122
3005_recurring_mixture_11 seconds 1.4617588301189244
3005_recurring_mixture_22 seconds 1.460359524935484
3005_recurring_mixture_33 seconds 1.4607943058945239
3005_recurring_mixture_44 seconds 1.4605702362023294
3005_recurring_mixture_55 seconds 1.4646174130029976
3005_correlation_spike_11 seconds 1.464912496972829
3005_correlation_spike_22 seconds 1.4623405151069164
3005_correlation_spike_33 seconds 1.4670031028799713
3005_correlation_spike_44 seconds 1.4642247199080884
3005_correlation_spike_55 seconds 1.4665622599422932
3005_correlation_collective_11 seconds 1.5422980543226004
3005_correlation_collective_22 seconds 1.4648845000192523
3005_correlation_collective_33 seconds 1.461273729801178
3005_correlation_collective_44 seconds 1.4652339639142156
3005_correlation_collective_55 seconds 1.4666973240673542
3005_correlation_dependency_11 seconds 1.4630786827765405
3005_correlation_dependency_22 seconds 1.4625778291374445
3005_correlation_dependency_33 seconds 1.4652440892532468
3005_correlation_dependency_44 seconds 1.462123897857964
3005_correlation_dependency_55 seconds 1.4665909479372203
3005_correlation_mixture_11 seconds 1.460374714806676
3005_correlation_mixture_22 seconds 1.4771463829092681
3005_correlation_mixture_33 seconds 1.5272859269753098
3005_correlation_mixture_44 seconds 1.5210903640836477
3005_correlation_mixture_55 seconds 1.5245491228997707
3006_abrupt_spike_11 seconds 1.5227880869060755
3006_abrupt_spike_22 seconds 1.52326531521976
3006_abrupt_spike_33 seconds 1.523359743412584
3006_abrupt_spike_44 seconds 1.5188188110478222
3006_abrupt_spike_55 seconds 1.5166162867099047
3006_abrupt_collective_11 seconds 1.5189802581444383
3006_abrupt_collective_22 seconds 1.5170436869375408
3006_abrupt_collective_33 seconds 1.5216262890025973
3006_abrupt_collective_44 seconds 1.518660866189748
3006_abrupt_collective_55 seconds 1.5229974039830267
3006_abrupt_dependency_11 seconds 1.516780145931989
3006_abrupt_dependency_22 seconds 1.5261533251032233
3006_abrupt_dependency_33 seconds 1.5242377622053027
3006_abrupt_dependency_44 seconds 1.5225538318045437
3006_abrupt_dependency_55 seconds 1.5915853083133698
3006_abrupt_mixture_11 seconds 1.5246638609096408
3006_abrupt_mixture_22 seconds 1.5241348780691624
3006_abrupt_mixture_33 seconds 1.5209447988308966
3006_abrupt_mixture_44 seconds 1.5219664620235562
3006_abrupt_mixture_55 seconds 1.5211178618483245
3006_gradual_spike_11 seconds 1.5628975820727646
3006_gradual_spike_22 seconds 1.551665987353772
3006_gradual_spike_33 seconds 1.5531579880043864
3006_gradual_spike_44 seconds 1.5478314850479364
3006_gradual_spike_55 seconds 1.5488072908483446
3006_gradual_collective_11 seconds 1.5522451382130384
3006_gradual_collective_22 seconds 1.5527666551060975
3006_gradual_collective_33 seconds 1.5547507680021226
3006_gradual_collective_44 seconds 1.5525251254439354
3006_gradual_collective_55 seconds 1.5515965400263667
3006_gradual_dependency_11 seconds 1.5532953422516584
3006_gradual_dependency_22 seconds 1.5534735606051981
3006_gradual_dependency_33 seconds 1.5507449717260897
3006_gradual_dependency_44 seconds 1.5513184410519898
3006_gradual_dependency_55 seconds 1.5588512937538326
3006_gradual_mixture_11 seconds 1.5551763488911092
3006_gradual_mixture_22 seconds 1.54900728398934
3006_gradual_mixture_33 seconds 1.5509994151070714
3006_gradual_mixture_44 seconds 1.552317013964057
3006_gradual_mixture_55 seconds 1.5577311390079558
3006_recurring_spike_11 seconds 1.5226316270418465
3006_recurring_spike_22 seconds 1.5967687307856977
3006_recurring_spike_33 seconds 1.5231108837760985
3006_recurring_spike_44 seconds 1.5178488940000534
3006_recurring_spike_55 seconds 1.5181300747208297
3006_recurring_collective_11 seconds 1.51814675796777
3006_recurring_collective_22 seconds 1.5181780671700835
3006_recurring_collective_33 seconds 1.5193875539116561
3006_recurring_collective_44 seconds 1.5170897981151938
3006_recurring_collective_55 seconds 1.51831478998065
3006_recurring_dependency_11 seconds 1.518629090860486
3006_recurring_dependency_22 seconds 1.5165680078789592
3006_recurring_dependency_33 seconds 1.5191364283673465
3006_recurring_dependency_44 seconds 1.5222850730642676
3006_recurring_dependency_55 seconds 1.515673448331654
3006_recurring_mixture_11 seconds 1.5208837972022593
3006_recurring_mixture_22 seconds 1.5330235925503075
3006_recurring_mixture_33 seconds 1.519603337161243
3006_recurring_mixture_44 seconds 1.5174293098971248
3006_recurring_mixture_55 seconds 1.5196154569275677
3006_correlation_spike_11 seconds 1.5252119340002537
3006_correlation_spike_22 seconds 1.5232664835639298
3006_correlation_spike_33 seconds 1.5183807997964323
3006_correlation_spike_44 seconds 1.5275938981212676
3006_correlation_spike_55 seconds 1.5270966119132936
3006_correlation_collective_11 seconds 1.5198490009643137
3006_correlation_collective_22 seconds 1.523052318021655
3006_correlation_collective_33 seconds 1.5238178209401667
3006_correlation_collective_44 seconds 1.599874157924205
3006_correlation_collective_55 seconds 1.5266379499807954
3006_correlation_dependency_11 seconds 1.516808475367725
3006_correlation_dependency_22 seconds 1.5221938639879227
3006_correlation_dependency_33 seconds 1.5212330566719174
3006_correlation_dependency_44 seconds 1.521928527392447
3006_correlation_dependency_55 seconds 1.5237621921114624
3006_correlation_mixture_11 seconds 1.5235481560230255
3006_correlation_mixture_22 seconds 1.5253935977816582
3006_correlation_mixture_33 seconds 1.5249199941754341
3006_correlation_mixture_44 seconds 1.5221105399541557
3006_correlation_mixture_55 seconds 1.5239476459100842
3007_abrupt_spike_11 seconds 1.5195259465835989
3007_abrupt_spike_22 seconds 1.519400117918849
3007_abrupt_spike_33 seconds 1.5231508472934365
3007_abrupt_spike_44 seconds 1.5258048670366406
3007_abrupt_spike_55 seconds 1.5183493988588452
3007_abrupt_collective_11 seconds 1.5172514249570668
3007_abrupt_collective_22 seconds 1.524119010195136
3007_abrupt_collective_33 seconds 1.5170889687724411
3007_abrupt_collective_44 seconds 1.5169114922173321
3007_abrupt_collective_55 seconds 1.5186024541035295
3007_abrupt_dependency_11 seconds 1.518211248330772
3007_abrupt_dependency_22 seconds 1.5237999190576375
3007_abrupt_dependency_33 seconds 1.5180433206260204
3007_abrupt_dependency_44 seconds 1.5221522580832243
3007_abrupt_dependency_55 seconds 1.5197808709926903
3007_abrupt_mixture_11 seconds 1.5248777959495783
3007_abrupt_mixture_22 seconds 1.5220762472599745
3007_abrupt_mixture_33 seconds 1.515049725305289
3007_abrupt_mixture_44 seconds 1.5945198913104832
3007_abrupt_mixture_55 seconds 1.5350833316333592
3007_gradual_spike_11 seconds 1.546659812796861
3007_gradual_spike_22 seconds 1.5462907361797988
3007_gradual_spike_33 seconds 1.549156132619828
3007_gradual_spike_44 seconds 1.5543018733151257
3007_gradual_spike_55 seconds 1.5463520060293376
3007_gradual_collective_11 seconds 1.551898003090173
3007_gradual_collective_22 seconds 1.5467873909510672
3007_gradual_collective_33 seconds 1.5521097560413182
3007_gradual_collective_44 seconds 1.551709831226617
3007_gradual_collective_55 seconds 1.547158373054117
3007_gradual_dependency_11 seconds 1.5566896148957312
3007_gradual_dependency_22 seconds 1.5516739478334785
3007_gradual_dependency_33 seconds 1.5481139332987368
3007_gradual_dependency_44 seconds 1.5751562220975757
3007_gradual_dependency_55 seconds 1.5496981390751898
3007_gradual_mixture_11 seconds 1.5476954891346395
3007_gradual_mixture_22 seconds 1.5568014341406524
3007_gradual_mixture_33 seconds 1.5519960233941674
3007_gradual_mixture_44 seconds 1.547676470130682
3007_gradual_mixture_55 seconds 1.5527795869857073
3007_recurring_spike_11 seconds 1.519828856922686
3007_recurring_spike_22 seconds 1.5214311620220542
3007_recurring_spike_33 seconds 1.5174526828341186
3007_recurring_spike_44 seconds 1.5173306469805539
3007_recurring_spike_55 seconds 1.5192061848938465
3007_recurring_collective_11 seconds 1.517297824844718
3007_recurring_collective_22 seconds 1.522537101060152
3007_recurring_collective_33 seconds 1.5178377549163997
3007_recurring_collective_44 seconds 1.5199049422517419
3007_recurring_collective_55 seconds 1.5944756479002535
3007_recurring_dependency_11 seconds 1.5162825877778232
3007_recurring_dependency_22 seconds 1.5213324250653386
3007_recurring_dependency_33 seconds 1.5186231317929924
3007_recurring_dependency_44 seconds 1.5196749088354409
3007_recurring_dependency_55 seconds 1.5179881160147488
3007_recurring_mixture_11 seconds 1.5150969210080802
3007_recurring_mixture_22 seconds 1.5191577607765794
3007_recurring_mixture_33 seconds 1.517302392050624
3007_recurring_mixture_44 seconds 1.5184624413959682
3007_recurring_mixture_55 seconds 1.518282389268279
3007_correlation_spike_11 seconds 1.5202465201728046
3007_correlation_spike_22 seconds 1.5208512553945184
3007_correlation_spike_33 seconds 1.52305248985067
3007_correlation_spike_44 seconds 1.5218520192429423
3007_correlation_spike_55 seconds 1.5249348408542573
3007_correlation_collective_11 seconds 1.526302793994546
3007_correlation_collective_22 seconds 1.4685922786593437
3007_correlation_collective_33 seconds 1.4663683343678713
3007_correlation_collective_44 seconds 1.5165532510727644
3007_correlation_collective_55 seconds 1.574970304965973
3007_correlation_dependency_11 seconds 1.5575888413004577
3007_correlation_dependency_22 seconds 1.5395920318551362
3007_correlation_dependency_33 seconds 1.5201264820061624
3007_correlation_dependency_44 seconds 1.5299841077066958
3007_correlation_dependency_55 seconds 1.523130564019084
3007_correlation_mixture_11 seconds 1.5985396369360387
3007_correlation_mixture_22 seconds 1.5738938311114907
3007_correlation_mixture_33 seconds 1.562001295387745
3007_correlation_mixture_44 seconds 1.5479760337620974
3007_correlation_mixture_55 seconds 1.5276822419837117
3008_abrupt_spike_11 seconds 1.6132662873715162
3008_abrupt_spike_22 seconds 1.5757725071161985
3008_abrupt_spike_33 seconds 1.5859566139988601
3008_abrupt_spike_44 seconds 1.5766169028356671
3008_abrupt_spike_55 seconds 1.5304586179554462
3008_abrupt_collective_11 seconds 1.5226572467945516
3008_abrupt_collective_22 seconds 1.5283926059491932
3008_abrupt_collective_33 seconds 1.5282100578770041
3008_abrupt_collective_44 seconds 1.5266103860922158
3008_abrupt_collective_55 seconds 1.529482776299119
3008_abrupt_dependency_11 seconds 1.5279475208371878
3008_abrupt_dependency_22 seconds 1.53019034024328
3008_abrupt_dependency_33 seconds 1.5281231147237122
3008_abrupt_dependency_44 seconds 1.529085849877447
3008_abrupt_dependency_55 seconds 1.525784830097109
3008_abrupt_mixture_11 seconds 1.5286438120529056
3008_abrupt_mixture_22 seconds 1.529329955112189
3008_abrupt_mixture_33 seconds 1.528087547980249
3008_abrupt_mixture_44 seconds 1.531150529626757
3008_abrupt_mixture_55 seconds 1.528328648302704
3008_gradual_spike_11 seconds 1.5558006130158901
3008_gradual_spike_22 seconds 1.5614205789752305
3008_gradual_spike_33 seconds 1.5569239710457623
3008_gradual_spike_44 seconds 1.556600415147841
3008_gradual_spike_55 seconds 1.5594092519022524
3008_gradual_collective_11 seconds 1.641753219999373
3008_gradual_collective_22 seconds 1.557600264903158
3008_gradual_collective_33 seconds 1.555793664418161
3008_gradual_collective_44 seconds 1.561642159242183
3008_gradual_collective_55 seconds 1.552976897917688
3008_gradual_dependency_11 seconds 1.5561427772045135
3008_gradual_dependency_22 seconds 1.562464376911521
3008_gradual_dependency_33 seconds 1.5547452149912715
3008_gradual_dependency_44 seconds 1.55674414569512
3008_gradual_dependency_55 seconds 1.5572607200592756
3008_gradual_mixture_11 seconds 1.5600734460167587
3008_gradual_mixture_22 seconds 1.5571455312892795
3008_gradual_mixture_33 seconds 1.5569402147084475
3008_gradual_mixture_44 seconds 1.5576099259778857
3008_gradual_mixture_55 seconds 1.5761318341828883
3008_recurring_spike_11 seconds 1.526024451944977
3008_recurring_spike_22 seconds 1.5267263227142394
3008_recurring_spike_33 seconds 1.5259421272203326
3008_recurring_spike_44 seconds 1.527855730149895
3008_recurring_spike_55 seconds 1.5285888807848096
3008_recurring_collective_11 seconds 1.5246801786124706
3008_recurring_collective_22 seconds 1.527886216994375
3008_recurring_collective_33 seconds 1.5220980057492852
3008_recurring_collective_44 seconds 1.5282477331347764
3008_recurring_collective_55 seconds 1.525140698067844
3008_recurring_dependency_11 seconds 1.5252873999997973
3008_recurring_dependency_22 seconds 1.5266773840412498
3008_recurring_dependency_33 seconds 1.6102136890403926
3008_recurring_dependency_44 seconds 1.5460574352182448
3008_recurring_dependency_55 seconds 1.5239088251255453
3008_recurring_mixture_11 seconds 1.5274081598035991
3008_recurring_mixture_22 seconds 1.5382411326281726
3008_recurring_mixture_33 seconds 1.5276282201521099
3008_recurring_mixture_44 seconds 1.525071409996599
3008_recurring_mixture_55 seconds 1.5266898437403142
3008_correlation_spike_11 seconds 1.525809454265982
3008_correlation_spike_22 seconds 1.5291802948340774
3008_correlation_spike_33 seconds 1.524720965884626
3008_correlation_spike_44 seconds 1.5283294380642474
3008_correlation_spike_55 seconds 1.5285739968530834
3008_correlation_collective_11 seconds 1.5233260593377054
3008_correlation_collective_22 seconds 1.5287191439419985
3008_correlation_collective_33 seconds 1.5263378391973674
3008_correlation_collective_44 seconds 1.5307761211879551
3008_correlation_collective_55 seconds 1.525931928306818
3008_correlation_dependency_11 seconds 1.5331898829899728
3008_correlation_dependency_22 seconds 1.5274001997895539
3008_correlation_dependency_33 seconds 1.5317900176160038
3008_correlation_dependency_44 seconds 1.5376140652224422
3008_correlation_dependency_55 seconds 1.5279375701211393
3008_correlation_mixture_11 seconds 1.5407145801000297
3008_correlation_mixture_22 seconds 1.5337020298466086
3008_correlation_mixture_33 seconds 1.529147069901228
3008_correlation_mixture_44 seconds 1.5286659942939878
3008_correlation_mixture_55 seconds 1.6151755196042359
3009_abrupt_spike_11 seconds 1.5266274074092507
3009_abrupt_spike_22 seconds 1.5279668159782887
3009_abrupt_spike_33 seconds 1.5254241176880896
3009_abrupt_spike_44 seconds 1.5280569237656891
3009_abrupt_spike_55 seconds 1.5264333812519908
3009_abrupt_collective_11 seconds 1.529557866975665
3009_abrupt_collective_22 seconds 1.533295188099146
3009_abrupt_collective_33 seconds 1.5299028707668185
3009_abrupt_collective_44 seconds 1.5239265961572528
3009_abrupt_collective_55 seconds 1.5557587160728872
3009_abrupt_dependency_11 seconds 1.5273075769655406
3009_abrupt_dependency_22 seconds 1.5267629972659051
3009_abrupt_dependency_33 seconds 1.5279419580474496
3009_abrupt_dependency_44 seconds 1.5289824390783906
3009_abrupt_dependency_55 seconds 1.5307609541341662
3009_abrupt_mixture_11 seconds 1.5279158866032958
3009_abrupt_mixture_22 seconds 1.5286080474033952
3009_abrupt_mixture_33 seconds 1.5265627433545887
3009_abrupt_mixture_44 seconds 1.5299418540671468
3009_abrupt_mixture_55 seconds 1.5255146389827132
3009_gradual_spike_11 seconds 1.5596486693248153
3009_gradual_spike_22 seconds 1.5588401360437274
3009_gradual_spike_33 seconds 1.5588575107976794
3009_gradual_spike_44 seconds 1.5828290162608027
3009_gradual_spike_55 seconds 1.5599573492072523
3009_gradual_collective_11 seconds 1.555893415119499
3009_gradual_collective_22 seconds 1.5608230587095022
3009_gradual_collective_33 seconds 1.5618512989021838
3009_gradual_collective_44 seconds 1.5597859150730073
3009_gradual_collective_55 seconds 1.558786726091057
3009_gradual_dependency_11 seconds 1.6445475248619914
3009_gradual_dependency_22 seconds 1.5630152449011803
3009_gradual_dependency_33 seconds 1.5563680087216198
3009_gradual_dependency_44 seconds 1.5599914556369185
3009_gradual_dependency_55 seconds 1.5615005460567772
3009_gradual_mixture_11 seconds 1.5581804057583213
3009_gradual_mixture_22 seconds 1.558200373314321
3009_gradual_mixture_33 seconds 1.5592083893716335
3009_gradual_mixture_44 seconds 1.5652365959249437
3009_gradual_mixture_55 seconds 1.558866127859801
3009_recurring_spike_11 seconds 1.5270438441075385
3009_recurring_spike_22 seconds 1.5285583110526204
3009_recurring_spike_33 seconds 1.5283880201168358
3009_recurring_spike_44 seconds 1.5292812371626496
3009_recurring_spike_55 seconds 1.530717846006155
3009_recurring_collective_11 seconds 1.5517554539255798
3009_recurring_collective_22 seconds 1.531410978641361
3009_recurring_collective_33 seconds 1.5281054959632456
3009_recurring_collective_44 seconds 1.5283017978072166
3009_recurring_collective_55 seconds 1.5259509421885014
3009_recurring_dependency_11 seconds 1.5303719132207334
3009_recurring_dependency_22 seconds 1.5305946948938072
3009_recurring_dependency_33 seconds 1.527882365975529
3009_recurring_dependency_44 seconds 1.5316851898096502
3009_recurring_dependency_55 seconds 1.5268826792016625
3009_recurring_mixture_11 seconds 1.5305556626990438
3009_recurring_mixture_22 seconds 1.5250928299501538
3009_recurring_mixture_33 seconds 1.5333361779339612
3009_recurring_mixture_44 seconds 1.5259482520632446
3009_recurring_mixture_55 seconds 1.5529961651191115
3009_correlation_spike_11 seconds 1.5351814893074334
3009_correlation_spike_22 seconds 1.5293313111178577
3009_correlation_spike_33 seconds 1.614381592720747
3009_correlation_spike_44 seconds 1.5346303461119533
3009_correlation_spike_55 seconds 1.5339234936982393
3009_correlation_collective_11 seconds 1.526068702340126
3009_correlation_collective_22 seconds 1.5329366070218384
3009_correlation_collective_33 seconds 1.5363591429777443
3009_correlation_collective_44 seconds 1.5275438837707043
3009_correlation_collective_55 seconds 1.5284422528930008
3009_correlation_dependency_11 seconds 1.526133795734495
3009_correlation_dependency_22 seconds 1.530989232007414
3009_correlation_dependency_33 seconds 1.5285809999331832
3009_correlation_dependency_44 seconds 1.5309345559217036
3009_correlation_dependency_55 seconds 1.5382523657754064
3009_correlation_mixture_11 seconds 1.5348905785940588
3009_correlation_mixture_22 seconds 1.5318633052520454
3009_correlation_mixture_33 seconds 1.5275787310674787
3009_correlation_mixture_44 seconds 1.5275801210664213
3009_correlation_mixture_55 seconds 1.5279182959347963
