3000_abrupt_spike_22 seconds 2.6084434669464827
3000_abrupt_spike_33 seconds 1.460132414009422
3000_abrupt_spike_44 seconds 1.4635881800204515
3000_abrupt_spike_55 seconds 1.4609205112792552
3000_abrupt_collective_11 seconds 1.46016945829615
3000_abrupt_collective_22 seconds 1.459717430640012
3000_abrupt_collective_33 seconds 1.5397375086322427
3000_abrupt_collective_44 seconds 1.4623189899139106
3000_abrupt_collective_55 seconds 1.4620919558219612
3000_abrupt_dependency_11 seconds 1.4648270946927369
3000_abrupt_dependency_22 seconds 1.4628444211557508
3000_abrupt_dependency_33 seconds 1.4606950269080698
3000_abrupt_dependency_44 seconds 1.4640839123167098
3000_abrupt_dependency_55 seconds 1.462610183749348
3000_abrupt_mixture_11 seconds 1.4694316750392318
3000_abrupt_mixture_22 seconds 1.462155635934323
3000_abrupt_mixture_33 seconds 1.4695689217187464
3000_abrupt_mixture_44 seconds 1.4655669601634145
3000_abrupt_mixture_55 seconds 1.4637446380220354
3000_gradual_spike_11 seconds 1.4986706646159291
3000_gradual_spike_22 seconds 1.4996656677685678
3000_gradual_spike_33 seconds 1.5104286642745137
3000_gradual_spike_44 seconds 1.5094058341346681
3000_gradual_spike_55 seconds 1.5076938020065427
3000_gradual_collective_11 seconds 1.5112120788544416
3000_gradual_collective_22 seconds 1.5031762919388711
3000_gradual_collective_33 seconds 1.5058534620329738
3000_gradual_collective_44 seconds 1.5080546457320452
3000_gradual_collective_55 seconds 1.5123959658667445
3000_gradual_dependency_11 seconds 1.5053928876295686
3000_gradual_dependency_22 seconds 1.5096192792989314
3000_gradual_dependency_33 seconds 1.507792511023581
3000_gradual_dependency_44 seconds 1.506330335047096
3000_gradual_dependency_55 seconds 1.5103435120545328
3000_gradual_mixture_11 seconds 1.505394313018769
3000_gradual_mixture_22 seconds 1.5053128320723772
3000_gradual_mixture_33 seconds 1.5161714269779623
3000_gradual_mixture_44 seconds 1.5111123262904584
3000_gradual_mixture_55 seconds 1.5979837123304605
3000_recurring_spike_11 seconds 1.4770370312035084
3000_recurring_spike_22 seconds 1.4765364602208138
3000_recurring_spike_33 seconds 1.4839304978959262
3000_recurring_spike_44 seconds 1.4783789459615946
3000_recurring_spike_55 seconds 1.4777219123207033
3000_recurring_collective_11 seconds 1.4750763876363635
3000_recurring_collective_22 seconds 1.4819052391685545
3000_recurring_collective_33 seconds 1.4779433580115438
3000_recurring_collective_44 seconds 1.4790337700396776
3000_recurring_collective_55 seconds 1.4808799610473216
3000_recurring_dependency_11 seconds 1.4794880752451718
3000_recurring_dependency_22 seconds 1.4956089952029288
3000_recurring_dependency_33 seconds 1.4801538530737162
3000_recurring_dependency_44 seconds 1.4801852209493518
3000_recurring_dependency_55 seconds 1.4803471327759326
3000_recurring_mixture_11 seconds 1.4833212653174996
3000_recurring_mixture_22 seconds 1.4789136708714068
3000_recurring_mixture_33 seconds 1.4785812920890749
3000_recurring_mixture_44 seconds 1.482156498823315
3000_recurring_mixture_55 seconds 1.4786704760044813
3000_correlation_spike_11 seconds 1.48536577494815
3000_correlation_spike_22 seconds 1.5396197740919888
3000_correlation_spike_33 seconds 1.9000202198512852
3000_correlation_spike_44 seconds 1.5097578600980341
3000_correlation_spike_55 seconds 1.484864488709718
3000_correlation_collective_11 seconds 1.4919657572172582
3000_correlation_collective_22 seconds 1.4840159728191793
3000_correlation_collective_33 seconds 1.4842731980606914
3000_correlation_collective_44 seconds 1.478901777882129
3000_correlation_collective_55 seconds 1.477785812690854
3000_correlation_dependency_11 seconds 1.567443996667862
3000_correlation_dependency_22 seconds 1.4805129268206656
3000_correlation_dependency_33 seconds 1.4819693891331553
3000_correlation_dependency_44 seconds 1.4905818947590888
3000_correlation_dependency_55 seconds 1.4812752101570368
3000_correlation_mixture_11 seconds 1.4834280260838568
3000_correlation_mixture_22 seconds 1.4835578757338226
3000_correlation_mixture_33 seconds 1.4863964868709445
3000_correlation_mixture_44 seconds 1.4832119229249656
3000_correlation_mixture_55 seconds 1.4833706179633737
3001_abrupt_spike_11 seconds 1.481935054063797
3001_abrupt_spike_22 seconds 1.4837643960490823
3001_abrupt_spike_33 seconds 1.4819302069954574
